Archive member included to satisfy reference by file (symbol)

/usr/lib/gcc/arm-none-eabi/13.2.1/thumb/v7-m/nofp/libgcc.a(_arm_mulsf3.o)
                              build/main.o (__aeabi_fmul)
/usr/lib/gcc/arm-none-eabi/13.2.1/thumb/v7-m/nofp/libgcc.a(_arm_addsubsf3.o)
                              build/main.o (__aeabi_fsub)
/usr/lib/gcc/arm-none-eabi/13.2.1/thumb/v7-m/nofp/libgcc.a(_arm_muldivsf3.o)
                              build/accel_pipeline.o (__aeabi_fdiv)
/usr/lib/gcc/arm-none-eabi/13.2.1/thumb/v7-m/nofp/libgcc.a(_arm_cmpsf2.o)
                              build/attitude_estimator.o (__aeabi_fcmpeq)
/usr/lib/gcc/arm-none-eabi/13.2.1/thumb/v7-m/nofp/libgcc.a(_arm_fixsfsi.o)
                              build/main.o (__aeabi_f2iz)

Discarded input sections

 .group         0x00000000        0xc build/main.o
 .group         0x00000000        0xc build/main.o
 .group         0x00000000        0xc build/main.o
 .group         0x00000000        0xc build/main.o
 .group         0x00000000        0xc build/main.o
 .group         0x00000000        0xc build/main.o
 .group         0x00000000        0xc build/main.o
 .group         0x00000000        0xc build/main.o
 .group         0x00000000        0xc build/main.o
 .group         0x00000000        0xc build/main.o
 .group         0x00000000        0xc build/main.o
 .text          0x00000000        0x0 build/main.o
 .data          0x00000000        0x0 build/main.o
 .bss           0x00000000        0x0 build/main.o
 .comment       0x00000000       0x27 build/main.o
 .group         0x00000000        0xc build/imu_acquisition.o
 .group         0x00000000        0xc build/imu_acquisition.o
 .group         0x00000000        0xc build/imu_acquisition.o
 .group         0x00000000        0xc build/imu_acquisition.o
 .group         0x00000000        0xc build/imu_acquisition.o
 .group         0x00000000        0xc build/imu_acquisition.o
 .text          0x00000000        0x0 build/imu_acquisition.o
 .data          0x00000000        0x0 build/imu_acquisition.o
 .bss           0x00000000        0x0 build/imu_acquisition.o
 .debug_macro   0x00000000      0xb62 build/imu_acquisition.o
 .debug_macro   0x00000000       0x22 build/imu_acquisition.o
 .debug_macro   0x00000000      0x34e build/imu_acquisition.o
 .debug_macro   0x00000000       0x16 build/imu_acquisition.o
 .debug_macro   0x00000000      0x190 build/imu_acquisition.o
 .comment       0x00000000       0x27 build/imu_acquisition.o
 .group         0x00000000        0xc build/flight_fault_handlers.o
 .group         0x00000000        0xc build/flight_fault_handlers.o
 .text          0x00000000        0x0 build/flight_fault_handlers.o
 .data          0x00000000        0x0 build/flight_fault_handlers.o
 .bss           0x00000000        0x0 build/flight_fault_handlers.o
 .debug_macro   0x00000000      0xb62 build/flight_fault_handlers.o
 .debug_macro   0x00000000      0x34e build/flight_fault_handlers.o
 .comment       0x00000000       0x27 build/flight_fault_handlers.o
 .group         0x00000000        0xc build/freestanding_mem.o
 .group         0x00000000        0xc build/freestanding_mem.o
 .text          0x00000000        0x0 build/freestanding_mem.o
 .data          0x00000000        0x0 build/freestanding_mem.o
 .bss           0x00000000        0x0 build/freestanding_mem.o
 .debug_macro   0x00000000      0xb62 build/freestanding_mem.o
 .debug_macro   0x00000000      0x190 build/freestanding_mem.o
 .comment       0x00000000       0x27 build/freestanding_mem.o
 .group         0x00000000        0xc build/startup_stm32f103c8.o
 .group         0x00000000        0xc build/startup_stm32f103c8.o
 .text          0x00000000        0x0 build/startup_stm32f103c8.o
 .data          0x00000000        0x0 build/startup_stm32f103c8.o
 .bss           0x00000000        0x0 build/startup_stm32f103c8.o
 .text.SysTick_Handler
                0x00000000        0x8 build/startup_stm32f103c8.o
 .text.EXTI0_IRQHandler
                0x00000000        0x8 build/startup_stm32f103c8.o
 .text.TIM2_IRQHandler
                0x00000000        0x8 build/startup_stm32f103c8.o
 .debug_macro   0x00000000      0xb62 build/startup_stm32f103c8.o
 .debug_macro   0x00000000      0x34e build/startup_stm32f103c8.o
 .comment       0x00000000       0x27 build/startup_stm32f103c8.o
 .group         0x00000000        0xc build/mpu9250.o
 .group         0x00000000        0xc build/mpu9250.o
 .group         0x00000000        0xc build/mpu9250.o
 .group         0x00000000        0xc build/mpu9250.o
 .group         0x00000000        0xc build/mpu9250.o
 .text          0x00000000        0x0 build/mpu9250.o
 .data          0x00000000        0x0 build/mpu9250.o
 .bss           0x00000000        0x0 build/mpu9250.o
 .text.ak8963_factory_adjustment
                0x00000000       0x38 build/mpu9250.o
 .text.mpu9250_device
                0x00000000       0x14 build/mpu9250.o
 .text.mpu9250_get_init_diag
                0x00000000       0x28 build/mpu9250.o
 .debug_macro   0x00000000      0xb62 build/mpu9250.o
 .debug_macro   0x00000000       0x22 build/mpu9250.o
 .debug_macro   0x00000000      0x34e build/mpu9250.o
 .debug_macro   0x00000000       0x10 build/mpu9250.o
 .debug_macro   0x00000000      0x190 build/mpu9250.o
 .comment       0x00000000       0x27 build/mpu9250.o
 .group         0x00000000        0xc build/i2c1.o
 .group         0x00000000        0xc build/i2c1.o
 .group         0x00000000        0xc build/i2c1.o
 .group         0x00000000        0xc build/i2c1.o
 .text          0x00000000        0x0 build/i2c1.o
 .data          0x00000000        0x0 build/i2c1.o
 .bss           0x00000000        0x0 build/i2c1.o
 .text.i2c1_recover
                0x00000000        0xe build/i2c1.o
 .text.i2c1_get_diag
                0x00000000      0x13c build/i2c1.o
 .debug_macro   0x00000000      0xb62 build/i2c1.o
 .debug_macro   0x00000000      0x190 build/i2c1.o
 .debug_macro   0x00000000      0x34e build/i2c1.o
 .debug_macro   0x00000000       0x22 build/i2c1.o
 .comment       0x00000000       0x27 build/i2c1.o
 .group         0x00000000        0xc build/micros.o
 .group         0x00000000        0xc build/micros.o
 .text          0x00000000        0x0 build/micros.o
 .data          0x00000000        0x0 build/micros.o
 .bss           0x00000000        0x0 build/micros.o
 .debug_macro   0x00000000      0xb62 build/micros.o
 .debug_macro   0x00000000      0x34e build/micros.o
 .comment       0x00000000       0x27 build/micros.o
 .group         0x00000000        0xc build/system_clock.o
 .group         0x00000000        0xc build/system_clock.o
 .group         0x00000000        0xc build/system_clock.o
 .text          0x00000000        0x0 build/system_clock.o
 .data          0x00000000        0x0 build/system_clock.o
 .bss           0x00000000        0x0 build/system_clock.o
 .text.system_clock_get_sysclk_hz
                0x00000000       0x14 build/system_clock.o
 .text.system_clock_get_adcclk_hz
                0x00000000       0x14 build/system_clock.o
 .debug_macro   0x00000000      0xb62 build/system_clock.o
 .debug_macro   0x00000000      0x34e build/system_clock.o
 .debug_macro   0x00000000       0x22 build/system_clock.o
 .comment       0x00000000       0x27 build/system_clock.o
 .group         0x00000000        0xc build/system_time.o
 .group         0x00000000        0xc build/system_time.o
 .text          0x00000000        0x0 build/system_time.o
 .data          0x00000000        0x0 build/system_time.o
 .bss           0x00000000        0x0 build/system_time.o
 .text.millis   0x00000000       0x14 build/system_time.o
 .debug_macro   0x00000000      0xb62 build/system_time.o
 .debug_macro   0x00000000      0x34e build/system_time.o
 .comment       0x00000000       0x27 build/system_time.o
 .group         0x00000000        0xc build/uart_diag.o
 .group         0x00000000        0xc build/uart_diag.o
 .group         0x00000000        0xc build/uart_diag.o
 .text          0x00000000        0x0 build/uart_diag.o
 .data          0x00000000        0x0 build/uart_diag.o
 .bss           0x00000000        0x0 build/uart_diag.o
 .debug_macro   0x00000000      0xb62 build/uart_diag.o
 .debug_macro   0x00000000       0x22 build/uart_diag.o
 .debug_macro   0x00000000      0x34e build/uart_diag.o
 .comment       0x00000000       0x27 build/uart_diag.o
 .group         0x00000000        0xc build/accel_pipeline.o
 .group         0x00000000        0xc build/accel_pipeline.o
 .group         0x00000000        0xc build/accel_pipeline.o
 .group         0x00000000        0xc build/accel_pipeline.o
 .text          0x00000000        0x0 build/accel_pipeline.o
 .data          0x00000000        0x0 build/accel_pipeline.o
 .bss           0x00000000        0x0 build/accel_pipeline.o
 .debug_macro   0x00000000      0xb62 build/accel_pipeline.o
 .debug_macro   0x00000000       0x22 build/accel_pipeline.o
 .debug_macro   0x00000000      0x34e build/accel_pipeline.o
 .debug_macro   0x00000000       0x22 build/accel_pipeline.o
 .comment       0x00000000       0x27 build/accel_pipeline.o
 .group         0x00000000        0xc build/gyro_pipeline.o
 .group         0x00000000        0xc build/gyro_pipeline.o
 .group         0x00000000        0xc build/gyro_pipeline.o
 .group         0x00000000        0xc build/gyro_pipeline.o
 .text          0x00000000        0x0 build/gyro_pipeline.o
 .data          0x00000000        0x0 build/gyro_pipeline.o
 .bss           0x00000000        0x0 build/gyro_pipeline.o
 .debug_macro   0x00000000      0xb62 build/gyro_pipeline.o
 .debug_macro   0x00000000       0x22 build/gyro_pipeline.o
 .debug_macro   0x00000000      0x34e build/gyro_pipeline.o
 .comment       0x00000000       0x27 build/gyro_pipeline.o
 .group         0x00000000        0xc build/imu_body_frame.o
 .group         0x00000000        0xc build/imu_body_frame.o
 .group         0x00000000        0xc build/imu_body_frame.o
 .group         0x00000000        0xc build/imu_body_frame.o
 .group         0x00000000        0xc build/imu_body_frame.o
 .text          0x00000000        0x0 build/imu_body_frame.o
 .data          0x00000000        0x0 build/imu_body_frame.o
 .bss           0x00000000        0x0 build/imu_body_frame.o
 .debug_macro   0x00000000      0xb62 build/imu_body_frame.o
 .debug_macro   0x00000000       0x22 build/imu_body_frame.o
 .debug_macro   0x00000000      0x34e build/imu_body_frame.o
 .debug_macro   0x00000000       0x22 build/imu_body_frame.o
 .debug_macro   0x00000000       0x52 build/imu_body_frame.o
 .comment       0x00000000       0x27 build/imu_body_frame.o
 .group         0x00000000        0xc build/attitude_estimator.o
 .group         0x00000000        0xc build/attitude_estimator.o
 .group         0x00000000        0xc build/attitude_estimator.o
 .group         0x00000000        0xc build/attitude_estimator.o
 .group         0x00000000        0xc build/attitude_estimator.o
 .group         0x00000000        0xc build/attitude_estimator.o
 .text          0x00000000        0x0 build/attitude_estimator.o
 .data          0x00000000        0x0 build/attitude_estimator.o
 .bss           0x00000000        0x0 build/attitude_estimator.o
 .debug_macro   0x00000000      0xb62 build/attitude_estimator.o
 .debug_macro   0x00000000       0x22 build/attitude_estimator.o
 .debug_macro   0x00000000      0x34e build/attitude_estimator.o
 .debug_macro   0x00000000       0x22 build/attitude_estimator.o
 .debug_macro   0x00000000       0x52 build/attitude_estimator.o
 .debug_macro   0x00000000       0x52 build/attitude_estimator.o
 .comment       0x00000000       0x27 build/attitude_estimator.o
 .group         0x00000000        0xc build/pid.o
 .group         0x00000000        0xc build/pid.o
 .group         0x00000000        0xc build/pid.o
 .group         0x00000000        0xc build/pid.o
 .text          0x00000000        0x0 build/pid.o
 .data          0x00000000        0x0 build/pid.o
 .bss           0x00000000        0x0 build/pid.o
 .text.pid_reset
                0x00000000       0x3a build/pid.o
 .debug_macro   0x00000000      0xb62 build/pid.o
 .debug_macro   0x00000000       0x22 build/pid.o
 .debug_macro   0x00000000      0x34e build/pid.o
 .comment       0x00000000       0x27 build/pid.o
 .group         0x00000000        0xc build/rate_controller.o
 .group         0x00000000        0xc build/rate_controller.o
 .group         0x00000000        0xc build/rate_controller.o
 .group         0x00000000        0xc build/rate_controller.o
 .group         0x00000000        0xc build/rate_controller.o
 .text          0x00000000        0x0 build/rate_controller.o
 .data          0x00000000        0x0 build/rate_controller.o
 .bss           0x00000000        0x0 build/rate_controller.o
 .text.rate_controller_reset
                0x00000000       0x48 build/rate_controller.o
 .debug_macro   0x00000000      0xb62 build/rate_controller.o
 .debug_macro   0x00000000       0x22 build/rate_controller.o
 .debug_macro   0x00000000      0x34e build/rate_controller.o
 .debug_macro   0x00000000       0x4c build/rate_controller.o
 .debug_macro   0x00000000       0x40 build/rate_controller.o
 .comment       0x00000000       0x27 build/rate_controller.o
 .text          0x00000000      0x168 /usr/lib/gcc/arm-none-eabi/13.2.1/thumb/v7-m/nofp/libgcc.a(_arm_mulsf3.o)
 .data          0x00000000        0x0 /usr/lib/gcc/arm-none-eabi/13.2.1/thumb/v7-m/nofp/libgcc.a(_arm_mulsf3.o)
 .bss           0x00000000        0x0 /usr/lib/gcc/arm-none-eabi/13.2.1/thumb/v7-m/nofp/libgcc.a(_arm_mulsf3.o)
 .debug_line    0x00000000       0xbd /usr/lib/gcc/arm-none-eabi/13.2.1/thumb/v7-m/nofp/libgcc.a(_arm_mulsf3.o)
 .debug_line_str
                0x00000000       0x98 /usr/lib/gcc/arm-none-eabi/13.2.1/thumb/v7-m/nofp/libgcc.a(_arm_mulsf3.o)
 .debug_info    0x00000000       0x3f /usr/lib/gcc/arm-none-eabi/13.2.1/thumb/v7-m/nofp/libgcc.a(_arm_mulsf3.o)
 .debug_abbrev  0x00000000       0x26 /usr/lib/gcc/arm-none-eabi/13.2.1/thumb/v7-m/nofp/libgcc.a(_arm_mulsf3.o)
 .debug_aranges
                0x00000000       0x20 /usr/lib/gcc/arm-none-eabi/13.2.1/thumb/v7-m/nofp/libgcc.a(_arm_mulsf3.o)
 .debug_str     0x00000000       0xba /usr/lib/gcc/arm-none-eabi/13.2.1/thumb/v7-m/nofp/libgcc.a(_arm_mulsf3.o)
 .debug_frame   0x00000000       0x24 /usr/lib/gcc/arm-none-eabi/13.2.1/thumb/v7-m/nofp/libgcc.a(_arm_mulsf3.o)
 .ARM.attributes
                0x00000000       0x1d /usr/lib/gcc/arm-none-eabi/13.2.1/thumb/v7-m/nofp/libgcc.a(_arm_mulsf3.o)
 .data          0x00000000        0x0 /usr/lib/gcc/arm-none-eabi/13.2.1/thumb/v7-m/nofp/libgcc.a(_arm_addsubsf3.o)
 .bss           0x00000000        0x0 /usr/lib/gcc/arm-none-eabi/13.2.1/thumb/v7-m/nofp/libgcc.a(_arm_addsubsf3.o)
 .data          0x00000000        0x0 /usr/lib/gcc/arm-none-eabi/13.2.1/thumb/v7-m/nofp/libgcc.a(_arm_muldivsf3.o)
 .bss           0x00000000        0x0 /usr/lib/gcc/arm-none-eabi/13.2.1/thumb/v7-m/nofp/libgcc.a(_arm_muldivsf3.o)
 .data          0x00000000        0x0 /usr/lib/gcc/arm-none-eabi/13.2.1/thumb/v7-m/nofp/libgcc.a(_arm_cmpsf2.o)
 .bss           0x00000000        0x0 /usr/lib/gcc/arm-none-eabi/13.2.1/thumb/v7-m/nofp/libgcc.a(_arm_cmpsf2.o)
 .data          0x00000000        0x0 /usr/lib/gcc/arm-none-eabi/13.2.1/thumb/v7-m/nofp/libgcc.a(_arm_fixsfsi.o)
 .bss           0x00000000        0x0 /usr/lib/gcc/arm-none-eabi/13.2.1/thumb/v7-m/nofp/libgcc.a(_arm_fixsfsi.o)

Memory Configuration

Name             Origin             Length             Attributes
FLASH            0x08000000         0x00010000         xr
RAM              0x20000000         0x00005000         xrw
*default*        0x00000000         0xffffffff

Linker script and memory map

LOAD build/main.o
LOAD build/imu_acquisition.o
LOAD build/flight_fault_handlers.o
LOAD build/freestanding_mem.o
LOAD build/startup_stm32f103c8.o
LOAD build/mpu9250.o
LOAD build/i2c1.o
LOAD build/micros.o
LOAD build/system_clock.o
LOAD build/system_time.o
LOAD build/uart_diag.o
LOAD build/accel_pipeline.o
LOAD build/gyro_pipeline.o
LOAD build/imu_body_frame.o
LOAD build/attitude_estimator.o
LOAD build/pid.o
LOAD build/rate_controller.o
LOAD /usr/lib/gcc/arm-none-eabi/13.2.1/thumb/v7-m/nofp/libgcc.a
                0x20005000                        _estack = (ORIGIN (RAM) + LENGTH (RAM))

.isr_vector     0x08000000       0xec
                0x08000000                        . = ALIGN (0x4)
 *(.isr_vector)
 .isr_vector    0x08000000       0xec build/startup_stm32f103c8.o
                0x08000000                vector_table
                0x080000ec                        . = ALIGN (0x4)

.text           0x080000ec     0x68e8
                0x080000ec                        . = ALIGN (0x4)
 *(.text)
 .text          0x080000ec      0x21c /usr/lib/gcc/arm-none-eabi/13.2.1/thumb/v7-m/nofp/libgcc.a(_arm_addsubsf3.o)
                0x080000ec                __aeabi_frsub
                0x080000f4                __subsf3
                0x080000f4                __aeabi_fsub
                0x080000f8                __aeabi_fadd
                0x080000f8                __addsf3
                0x08000258                __aeabi_ui2f
                0x08000258                __floatunsisf
                0x08000260                __aeabi_i2f
                0x08000260                __floatsisf
                0x0800027c                __floatundisf
                0x0800027c                __aeabi_ul2f
                0x0800028c                __floatdisf
                0x0800028c                __aeabi_l2f
 .text          0x08000308      0x2a0 /usr/lib/gcc/arm-none-eabi/13.2.1/thumb/v7-m/nofp/libgcc.a(_arm_muldivsf3.o)
                0x08000308                __mulsf3
                0x08000308                __aeabi_fmul
                0x08000470                __divsf3
                0x08000470                __aeabi_fdiv
 .text          0x080005a8       0xec /usr/lib/gcc/arm-none-eabi/13.2.1/thumb/v7-m/nofp/libgcc.a(_arm_cmpsf2.o)
                0x080005a8                __gtsf2
                0x080005a8                __gesf2
                0x080005b0                __lesf2
                0x080005b0                __ltsf2
                0x080005b8                __nesf2
                0x080005b8                __eqsf2
                0x080005b8                __cmpsf2
                0x08000618                __aeabi_cfrcmple
                0x08000620                __aeabi_cfcmple
                0x08000620                __aeabi_cfcmpeq
                0x08000630                __aeabi_fcmpeq
                0x08000644                __aeabi_fcmplt
                0x08000658                __aeabi_fcmple
                0x0800066c                __aeabi_fcmpge
                0x08000680                __aeabi_fcmpgt
 .text          0x08000694       0x4c /usr/lib/gcc/arm-none-eabi/13.2.1/thumb/v7-m/nofp/libgcc.a(_arm_fixsfsi.o)
                0x08000694                __fixsfsi
                0x08000694                __aeabi_f2iz
 *(.text*)
 .text.inner_rate_load_sign_test_config
                0x080006e0       0x90 build/main.o
 .text.inner_rate_source_is_valid
                0x08000770       0x36 build/main.o
 *fill*         0x080007a6        0x2 
 .text.gyro_uart_write_fixed3
                0x080007a8       0xcc build/main.o
 .text.gyro_uart_write_float_triplet
                0x08000874       0x32 build/main.o
 *fill*         0x080008a6        0x2 
 .text.gyro_uart_report_calibration_state
                0x080008a8       0xd4 build/main.o
 .text.inner_rate_uart_write_output
                0x0800097c       0x64 build/main.o
 .text.stop_with_message
                0x080009e0       0x20 build/main.o
 .text.main     0x08000a00      0x698 build/main.o
                0x08000a00                main
 .text.enter_critical
                0x08001098       0x1a build/imu_acquisition.o
 .text.exit_critical
                0x080010b2       0x1e build/imu_acquisition.o
 .text.data_ready_exti_init
                0x080010d0       0xd4 build/imu_acquisition.o
 .text.imu_acquisition_init
                0x080011a4       0xb8 build/imu_acquisition.o
                0x080011a4                imu_acquisition_init
 .text.imu_acquisition_start
                0x0800125c       0x4c build/imu_acquisition.o
                0x0800125c                imu_acquisition_start
 .text.imu_acquisition_process
                0x080012a8      0x18c build/imu_acquisition.o
                0x080012a8                imu_acquisition_process
 .text.imu_acquisition_get_latest
                0x08001434       0x50 build/imu_acquisition.o
                0x08001434                imu_acquisition_get_latest
 .text.imu_acquisition_get_stats
                0x08001484       0x54 build/imu_acquisition.o
                0x08001484                imu_acquisition_get_stats
 .text.imu_acquisition_last_driver_status
                0x080014d8       0x14 build/imu_acquisition.o
                0x080014d8                imu_acquisition_last_driver_status
 .text.EXTI0_IRQHandler
                0x080014ec       0x54 build/imu_acquisition.o
                0x080014ec                EXTI0_IRQHandler
 .text.stop     0x08001540        0xa build/flight_fault_handlers.o
 *fill*         0x0800154a        0x2 
 .text.fault_record_clear
                0x0800154c       0x40 build/flight_fault_handlers.o
                0x0800154c                fault_record_clear
 .text.Default_Handler
                0x0800158c       0x1c build/flight_fault_handlers.o
                0x0800158c                Default_Handler
 .text.NMI_Handler
                0x080015a8       0x1c build/flight_fault_handlers.o
                0x080015a8                NMI_Handler
 .text.HardFault_Handler
                0x080015c4       0x1c build/flight_fault_handlers.o
                0x080015c4                HardFault_Handler
 .text.memcpy   0x080015e0       0x42 build/freestanding_mem.o
                0x080015e0                memcpy
 .text.memset   0x08001622       0x3a build/freestanding_mem.o
                0x08001622                memset
 .text.MemManage_Handler
                0x0800165c        0x8 build/startup_stm32f103c8.o
                0x0800165c                MemManage_Handler
 .text.BusFault_Handler
                0x08001664        0x8 build/startup_stm32f103c8.o
                0x08001664                BusFault_Handler
 .text.UsageFault_Handler
                0x0800166c        0x8 build/startup_stm32f103c8.o
                0x0800166c                UsageFault_Handler
 .text.SVC_Handler
                0x08001674        0x8 build/startup_stm32f103c8.o
                0x08001674                SVC_Handler
 .text.DebugMon_Handler
                0x0800167c        0x8 build/startup_stm32f103c8.o
                0x0800167c                DebugMon_Handler
 .text.PendSV_Handler
                0x08001684        0x8 build/startup_stm32f103c8.o
                0x08001684                PendSV_Handler
 .text.WWDG_IRQHandler
                0x0800168c        0x8 build/startup_stm32f103c8.o
                0x0800168c                WWDG_IRQHandler
 .text.PVD_IRQHandler
                0x08001694        0x8 build/startup_stm32f103c8.o
                0x08001694                PVD_IRQHandler
 .text.TAMPER_IRQHandler
                0x0800169c        0x8 build/startup_stm32f103c8.o
                0x0800169c                TAMPER_IRQHandler
 .text.RTC_IRQHandler
                0x080016a4        0x8 build/startup_stm32f103c8.o
                0x080016a4                RTC_IRQHandler
 .text.FLASH_IRQHandler
                0x080016ac        0x8 build/startup_stm32f103c8.o
                0x080016ac                FLASH_IRQHandler
 .text.RCC_IRQHandler
                0x080016b4        0x8 build/startup_stm32f103c8.o
                0x080016b4                RCC_IRQHandler
 .text.EXTI1_IRQHandler
                0x080016bc        0x8 build/startup_stm32f103c8.o
                0x080016bc                EXTI1_IRQHandler
 .text.EXTI2_IRQHandler
                0x080016c4        0x8 build/startup_stm32f103c8.o
                0x080016c4                EXTI2_IRQHandler
 .text.EXTI3_IRQHandler
                0x080016cc        0x8 build/startup_stm32f103c8.o
                0x080016cc                EXTI3_IRQHandler
 .text.EXTI4_IRQHandler
                0x080016d4        0x8 build/startup_stm32f103c8.o
                0x080016d4                EXTI4_IRQHandler
 .text.DMA1_Channel1_IRQHandler
                0x080016dc        0x8 build/startup_stm32f103c8.o
                0x080016dc                DMA1_Channel1_IRQHandler
 .text.DMA1_Channel2_IRQHandler
                0x080016e4        0x8 build/startup_stm32f103c8.o
                0x080016e4                DMA1_Channel2_IRQHandler
 .text.DMA1_Channel3_IRQHandler
                0x080016ec        0x8 build/startup_stm32f103c8.o
                0x080016ec                DMA1_Channel3_IRQHandler
 .text.DMA1_Channel4_IRQHandler
                0x080016f4        0x8 build/startup_stm32f103c8.o
                0x080016f4                DMA1_Channel4_IRQHandler
 .text.DMA1_Channel5_IRQHandler
                0x080016fc        0x8 build/startup_stm32f103c8.o
                0x080016fc                DMA1_Channel5_IRQHandler
 .text.DMA1_Channel6_IRQHandler
                0x08001704        0x8 build/startup_stm32f103c8.o
                0x08001704                DMA1_Channel6_IRQHandler
 .text.DMA1_Channel7_IRQHandler
                0x0800170c        0x8 build/startup_stm32f103c8.o
                0x0800170c                DMA1_Channel7_IRQHandler
 .text.ADC1_2_IRQHandler
                0x08001714        0x8 build/startup_stm32f103c8.o
                0x08001714                ADC1_2_IRQHandler
 .text.USB_HP_CAN1_TX_IRQHandler
                0x0800171c        0x8 build/startup_stm32f103c8.o
                0x0800171c                USB_HP_CAN1_TX_IRQHandler
 .text.USB_LP_CAN1_RX0_IRQHandler
                0x08001724        0x8 build/startup_stm32f103c8.o
                0x08001724                USB_LP_CAN1_RX0_IRQHandler
 .text.CAN1_RX1_IRQHandler
                0x0800172c        0x8 build/startup_stm32f103c8.o
                0x0800172c                CAN1_RX1_IRQHandler
 .text.CAN1_SCE_IRQHandler
                0x08001734        0x8 build/startup_stm32f103c8.o
                0x08001734                CAN1_SCE_IRQHandler
 .text.EXTI9_5_IRQHandler
                0x0800173c        0x8 build/startup_stm32f103c8.o
                0x0800173c                EXTI9_5_IRQHandler
 .text.TIM1_BRK_IRQHandler
                0x08001744        0x8 build/startup_stm32f103c8.o
                0x08001744                TIM1_BRK_IRQHandler
 .text.TIM1_UP_IRQHandler
                0x0800174c        0x8 build/startup_stm32f103c8.o
                0x0800174c                TIM1_UP_IRQHandler
 .text.TIM1_TRG_COM_IRQHandler
                0x08001754        0x8 build/startup_stm32f103c8.o
                0x08001754                TIM1_TRG_COM_IRQHandler
 .text.TIM1_CC_IRQHandler
                0x0800175c        0x8 build/startup_stm32f103c8.o
                0x0800175c                TIM1_CC_IRQHandler
 .text.TIM3_IRQHandler
                0x08001764        0x8 build/startup_stm32f103c8.o
                0x08001764                TIM3_IRQHandler
 .text.TIM4_IRQHandler
                0x0800176c        0x8 build/startup_stm32f103c8.o
                0x0800176c                TIM4_IRQHandler
 .text.I2C1_EV_IRQHandler
                0x08001774        0x8 build/startup_stm32f103c8.o
                0x08001774                I2C1_EV_IRQHandler
 .text.I2C1_ER_IRQHandler
                0x0800177c        0x8 build/startup_stm32f103c8.o
                0x0800177c                I2C1_ER_IRQHandler
 .text.I2C2_EV_IRQHandler
                0x08001784        0x8 build/startup_stm32f103c8.o
                0x08001784                I2C2_EV_IRQHandler
 .text.I2C2_ER_IRQHandler
                0x0800178c        0x8 build/startup_stm32f103c8.o
                0x0800178c                I2C2_ER_IRQHandler
 .text.SPI1_IRQHandler
                0x08001794        0x8 build/startup_stm32f103c8.o
                0x08001794                SPI1_IRQHandler
 .text.SPI2_IRQHandler
                0x0800179c        0x8 build/startup_stm32f103c8.o
                0x0800179c                SPI2_IRQHandler
 .text.USART1_IRQHandler
                0x080017a4        0x8 build/startup_stm32f103c8.o
                0x080017a4                USART1_IRQHandler
 .text.USART2_IRQHandler
                0x080017ac        0x8 build/startup_stm32f103c8.o
                0x080017ac                USART2_IRQHandler
 .text.USART3_IRQHandler
                0x080017b4        0x8 build/startup_stm32f103c8.o
                0x080017b4                USART3_IRQHandler
 .text.EXTI15_10_IRQHandler
                0x080017bc        0x8 build/startup_stm32f103c8.o
                0x080017bc                EXTI15_10_IRQHandler
 .text.RTC_Alarm_IRQHandler
                0x080017c4        0x8 build/startup_stm32f103c8.o
                0x080017c4                RTC_Alarm_IRQHandler
 .text.USBWakeUp_IRQHandler
                0x080017cc        0x8 build/startup_stm32f103c8.o
                0x080017cc                USBWakeUp_IRQHandler
 .text.Reset_Handler
                0x080017d4       0x64 build/startup_stm32f103c8.o
                0x080017d4                Reset_Handler
 .text.set_operation
                0x08001838       0x28 build/mpu9250.o
 .text.read_bytes
                0x08001860       0x54 build/mpu9250.o
 .text.write_byte
                0x080018b4       0x58 build/mpu9250.o
 .text.write_and_verify
                0x0800190c       0xf4 build/mpu9250.o
 .text.decode_be
                0x08001a00       0x28 build/mpu9250.o
 .text.mpu9250_init
                0x08001a28      0x238 build/mpu9250.o
                0x08001a28                mpu9250_init
 .text.mpu9250_enable_data_ready_interrupt
                0x08001c60       0x16 build/mpu9250.o
                0x08001c60                mpu9250_enable_data_ready_interrupt
 *fill*         0x08001c76        0x2 
 .text.mpu9250_read_motion_raw
                0x08001c78       0xcc build/mpu9250.o
                0x08001c78                mpu9250_read_motion_raw
 .text.mpu9250_read_mag_raw
                0x08001d44       0x14 build/mpu9250.o
                0x08001d44                mpu9250_read_mag_raw
 .text.mpu9250_who_am_i
                0x08001d58       0x14 build/mpu9250.o
                0x08001d58                mpu9250_who_am_i
 .text.ak8963_who_am_i
                0x08001d6c       0x14 build/mpu9250.o
                0x08001d6c                ak8963_who_am_i
 .text.mpu9250_has_magnetometer
                0x08001d80       0x20 build/mpu9250.o
                0x08001d80                mpu9250_has_magnetometer
 .text.enter_critical
                0x08001da0       0x1a build/i2c1.o
 .text.exit_critical
                0x08001dba       0x1e build/i2c1.o
 .text.short_delay
                0x08001dd8       0x26 build/i2c1.o
 *fill*         0x08001dfe        0x2 
 .text.set_stage
                0x08001e00       0x20 build/i2c1.o
 .text.snapshot_registers
                0x08001e20       0x84 build/i2c1.o
 .text.count_failure
                0x08001ea4       0x98 build/i2c1.o
 .text.status_from_sr1
                0x08001f3c       0x4c build/i2c1.o
 .text.clear_error_flags
                0x08001f88       0x28 build/i2c1.o
 .text.wait_sr1
                0x08001fb0       0x88 build/i2c1.o
 .text.wait_bus_idle_raw
                0x08002038       0xb8 build/i2c1.o
 .text.wait_stop_complete
                0x080020f0       0x60 build/i2c1.o
 .text.clear_addr
                0x08002150       0x2c build/i2c1.o
 .text.gpio_configure_af_open_drain
                0x0800217c       0x4c build/i2c1.o
 .text.gpio_configure_bus_clear
                0x080021c8       0x4c build/i2c1.o
 .text.wait_line_high
                0x08002214       0x40 build/i2c1.o
 .text.gpio_bus_clear
                0x08002254      0x120 build/i2c1.o
 .text.calculate_timing
                0x08002374      0x12c build/i2c1.o
 .text.configure_peripheral
                0x080024a0       0xd8 build/i2c1.o
 .text.request_stop_if_master
                0x08002578       0x4c build/i2c1.o
 .text.recover_internal
                0x080025c4       0xf0 build/i2c1.o
 .text.start_address
                0x080026b4       0x7c build/i2c1.o
 .text.write_register_once
                0x08002730       0xc4 build/i2c1.o
 .text.read_registers_once
                0x080027f4      0x2a0 build/i2c1.o
 .text.recover_and_retry
                0x08002a94       0x3c build/i2c1.o
 .text.i2c1_init
                0x08002ad0       0xdc build/i2c1.o
                0x08002ad0                i2c1_init
 .text.i2c1_write_register
                0x08002bac       0xf4 build/i2c1.o
                0x08002bac                i2c1_write_register
 .text.i2c1_read_registers
                0x08002ca0      0x108 build/i2c1.o
                0x08002ca0                i2c1_read_registers
 .text.enter_critical
                0x08002da8       0x1a build/micros.o
 .text.exit_critical
                0x08002dc2       0x1e build/micros.o
 .text.micros_init
                0x08002de0       0xf8 build/micros.o
                0x08002de0                micros_init
 .text.micros   0x08002ed8       0x5c build/micros.o
                0x08002ed8                micros
 .text.delay_ms
                0x08002f34       0x3a build/micros.o
                0x08002f34                delay_ms
 *fill*         0x08002f6e        0x2 
 .text.TIM2_IRQHandler
                0x08002f70       0x38 build/micros.o
                0x08002f70                TIM2_IRQHandler
 .text.wait_for_register_value
                0x08002fa8       0x54 build/system_clock.o
 .text.record_reset_hsi_clock_tree
                0x08002ffc       0x48 build/system_clock.o
 .text.fallback_to_hsi
                0x08003044       0xc8 build/system_clock.o
 .text.system_clock_init
                0x0800310c      0x118 build/system_clock.o
                0x0800310c                system_clock_init
 .text.system_clock_get_hclk_hz
                0x08003224       0x14 build/system_clock.o
                0x08003224                system_clock_get_hclk_hz
 .text.system_clock_get_pclk1_hz
                0x08003238       0x14 build/system_clock.o
                0x08003238                system_clock_get_pclk1_hz
 .text.system_clock_get_pclk2_hz
                0x0800324c       0x14 build/system_clock.o
                0x0800324c                system_clock_get_pclk2_hz
 .text.system_time_init
                0x08003260       0xb4 build/system_time.o
                0x08003260                system_time_init
 .text.SysTick_Handler
                0x08003314       0x1c build/system_time.o
                0x08003314                SysTick_Handler
 .text.uart_diag_wait_for_txe
                0x08003330       0x50 build/uart_diag.o
 .text.uart_diag_init
                0x08003380      0x108 build/uart_diag.o
                0x08003380                uart_diag_init
 .text.uart_diag_write_char
                0x08003488       0x44 build/uart_diag.o
                0x08003488                uart_diag_write_char
 .text.uart_diag_write_string
                0x080034cc       0x44 build/uart_diag.o
                0x080034cc                uart_diag_write_string
 .text.uart_diag_write_line
                0x08003510       0x34 build/uart_diag.o
                0x08003510                uart_diag_write_line
 .text.uart_diag_write_uint32
                0x08003544       0x98 build/uart_diag.o
                0x08003544                uart_diag_write_uint32
 .text.uart_diag_write_hex32
                0x080035dc       0x6c build/uart_diag.o
                0x080035dc                uart_diag_write_hex32
 .text.median3  0x08003648       0x60 build/accel_pipeline.o
 .text.biquad_process
                0x080036a8       0xe4 build/accel_pipeline.o
 .text.raw_is_saturated
                0x0800378c       0x70 build/accel_pipeline.o
 .text.accel_pipeline_init
                0x080037fc       0x20 build/accel_pipeline.o
                0x080037fc                accel_pipeline_init
 .text.accel_pipeline_process
                0x0800381c      0x2f4 build/accel_pipeline.o
                0x0800381c                accel_pipeline_process
 .text.raw_is_saturated
                0x08003b10       0x70 build/gyro_pipeline.o
 .text.copy_input_to_output
                0x08003b80       0x70 build/gyro_pipeline.o
 .text.start_settling
                0x08003bf0       0x84 build/gyro_pipeline.o
 .text.start_collection
                0x08003c74       0x84 build/gyro_pipeline.o
 .text.accumulate_calibration_sample
                0x08003cf8      0x16c build/gyro_pipeline.o
 .text.axis_is_stable
                0x08003e64      0x114 build/gyro_pipeline.o
 .text.calibration_is_stable
                0x08003f78       0x5c build/gyro_pipeline.o
 .text.complete_startup_calibration
                0x08003fd4       0x90 build/gyro_pipeline.o
 .text.process_startup_calibration
                0x08004064      0x138 build/gyro_pipeline.o
 .text.gyro_pipeline_init
                0x0800419c       0x58 build/gyro_pipeline.o
                0x0800419c                gyro_pipeline_init
 .text.gyro_pipeline_process
                0x080041f4      0x288 build/gyro_pipeline.o
                0x080041f4                gyro_pipeline_process
 .text.imu_body_frame_from_pipeline
                0x0800447c       0xb2 build/imu_body_frame.o
                0x0800447c                imu_body_frame_from_pipeline
 .text.absolute_float
                0x0800452e       0x2a build/attitude_estimator.o
 .text.clamp_unit
                0x08004558       0x40 build/attitude_estimator.o
 .text.inverse_square_root
                0x08004598       0xec build/attitude_estimator.o
 .text.square_root
                0x08004684       0x68 build/attitude_estimator.o
 .text.fast_atan2
                0x080046ec       0xe8 build/attitude_estimator.o
 .text.normalize_quaternion
                0x080047d4       0xfa build/attitude_estimator.o
 .text.calculate_accel_magnitude
                0x080048ce       0x6c build/attitude_estimator.o
 *fill*         0x0800493a        0x2 
 .text.accel_magnitude_is_usable
                0x0800493c       0x40 build/attitude_estimator.o
 .text.initialize_quaternion_from_accel
                0x0800497c      0x268 build/attitude_estimator.o
 .text.update_euler_angles
                0x08004be4      0x1c0 build/attitude_estimator.o
 .text.fill_output
                0x08004da4       0xf0 build/attitude_estimator.o
 .text.attitude_estimator_init
                0x08004e94       0x78 build/attitude_estimator.o
                0x08004e94                attitude_estimator_init
 .text.attitude_estimator_update
                0x08004f0c      0x800 build/attitude_estimator.o
                0x08004f0c                attitude_estimator_update
 .text.value_is_finite
                0x0800570c       0x28 build/pid.o
 .text.clamp_float
                0x08005734       0x3a build/pid.o
 .text.config_is_valid
                0x0800576e      0x16c build/pid.o
 .text.pid_init
                0x080058da       0x5e build/pid.o
                0x080058da                pid_init
 .text.pid_reset_derivative
                0x08005938       0x32 build/pid.o
                0x08005938                pid_reset_derivative
 *fill*         0x0800596a        0x2 
 .text.pid_update
                0x0800596c      0x504 build/pid.o
                0x0800596c                pid_update
 .text.value_is_finite
                0x08005e70       0x28 build/rate_controller.o
 .text.copy_input_metadata
                0x08005e98       0x64 build/rate_controller.o
 .text.input_values_are_valid
                0x08005efc       0x7c build/rate_controller.o
 .text.pid_output_is_saturated
                0x08005f78       0x24 build/rate_controller.o
 .text.rate_controller_init
                0x08005f9c      0x108 build/rate_controller.o
                0x08005f9c                rate_controller_init
 .text.rate_controller_update
                0x080060a4      0x524 build/rate_controller.o
                0x080060a4                rate_controller_update
 *(.rodata)
 .rodata        0x080065c8      0x3ee build/main.o
 *fill*         0x080069b6        0x2 
 .rodata        0x080069b8        0x7 build/uart_diag.o
 *(.rodata*)
 *fill*         0x080069bf        0x1 
 .rodata.hex_digits.0
                0x080069c0       0x11 build/uart_diag.o
                0x080069d4                        . = ALIGN (0x4)
 *fill*         0x080069d1        0x3 
                0x080069d4                        _etext = .
                0x080069d4                        _sidata = LOADADDR (.data)

.glue_7         0x080069d4        0x0
 .glue_7        0x080069d4        0x0 linker stubs

.glue_7t        0x080069d4        0x0
 .glue_7t       0x080069d4        0x0 linker stubs

.vfp11_veneer   0x080069d4        0x0
 .vfp11_veneer  0x080069d4        0x0 linker stubs

.v4_bx          0x080069d4        0x0
 .v4_bx         0x080069d4        0x0 linker stubs

.iplt           0x080069d4        0x0
 .iplt          0x080069d4        0x0 build/main.o

.rel.dyn        0x080069d4        0x0
 .rel.iplt      0x080069d4        0x0 build/main.o

.data           0x20000000       0x18 load address 0x080069d4
                0x20000000                        . = ALIGN (0x4)
                0x20000000                        _sdata = .
 *(.data)
 *(.data*)
 .data.mpu_address
                0x20000000        0x1 build/mpu9250.o
 *fill*         0x20000001        0x3 
 .data.system_clock_hz
                0x20000004        0x4 build/system_clock.o
 .data.ahb_clock_hz
                0x20000008        0x4 build/system_clock.o
 .data.apb1_clock_hz
                0x2000000c        0x4 build/system_clock.o
 .data.apb2_clock_hz
                0x20000010        0x4 build/system_clock.o
 .data.adc_clock_hz
                0x20000014        0x4 build/system_clock.o
                0x20000018                        . = ALIGN (0x4)
                0x20000018                        _edata = .

.igot.plt       0x20000018        0x0 load address 0x080069ec
 .igot.plt      0x20000018        0x0 build/main.o

.bss            0x20000018      0x4c0 load address 0x080069ec
                0x20000018                        . = ALIGN (0x4)
                0x20000018                        _sbss = .
 *(.bss)
 *(.bss*)
 .bss.g_fc_clock_status
                0x20000018        0x1 build/main.o
                0x20000018                g_fc_clock_status
 .bss.g_fc_time_status
                0x20000019        0x1 build/main.o
                0x20000019                g_fc_time_status
 .bss.g_fc_micros_status
                0x2000001a        0x1 build/main.o
                0x2000001a                g_fc_micros_status
 .bss.g_fc_uart_status
                0x2000001b        0x1 build/main.o
                0x2000001b                g_fc_uart_status
 .bss.g_imu_acquisition_status
                0x2000001c        0x1 build/main.o
                0x2000001c                g_imu_acquisition_status
 *fill*         0x2000001d        0x3 
 .bss.g_latest_raw_imu_sample
                0x20000020       0x24 build/main.o
                0x20000020                g_latest_raw_imu_sample
 .bss.g_imu_acquisition_stats
                0x20000044       0x24 build/main.o
                0x20000044                g_imu_acquisition_stats
 .bss.g_latest_accel_pipeline_output
                0x20000068       0x3c build/main.o
                0x20000068                g_latest_accel_pipeline_output
 .bss.g_latest_gyro_pipeline_output
                0x200000a4       0x54 build/main.o
                0x200000a4                g_latest_gyro_pipeline_output
 .bss.g_latest_attitude_estimator_output
                0x200000f8       0x58 build/main.o
                0x200000f8                g_latest_attitude_estimator_output
 .bss.g_latest_rate_controller_output
                0x20000150       0xbc build/main.o
                0x20000150                g_latest_rate_controller_output
 .bss.pending_events
                0x2000020c        0x4 build/imu_acquisition.o
 .bss.last_irq_timestamp_us
                0x20000210        0x4 build/imu_acquisition.o
 .bss.total_interrupts
                0x20000214        0x4 build/imu_acquisition.o
 .bss.latest_sample
                0x20000218       0x24 build/imu_acquisition.o
 .bss.latest_available
                0x2000023c        0x1 build/imu_acquisition.o
 *fill*         0x2000023d        0x3 
 .bss.stats     0x20000240       0x24 build/imu_acquisition.o
 .bss.last_driver_status
                0x20000264        0x1 build/imu_acquisition.o
 *fill*         0x20000265        0x3 
 .bss.g_fault_record
                0x20000268       0x4c build/flight_fault_handlers.o
                0x20000268                g_fault_record
 .bss.mpu_id    0x200002b4        0x1 build/mpu9250.o
 .bss.mag_id    0x200002b5        0x1 build/mpu9250.o
 .bss.detected_device
                0x200002b6        0x1 build/mpu9250.o
 *fill*         0x200002b7        0x1 
 .bss.mag_adjustment
                0x200002b8        0x3 build/mpu9250.o
 *fill*         0x200002bb        0x1 
 .bss.init_diag
                0x200002bc       0x14 build/mpu9250.o
 .bss.g_i2c1_diag
                0x200002d0       0x60 build/i2c1.o
                0x200002d0                g_i2c1_diag
 .bss.configured_pclk1_hz
                0x20000330        0x4 build/i2c1.o
 .bss.configured_bus_hz
                0x20000334        0x4 build/i2c1.o
 .bss.configuration_valid
                0x20000338        0x1 build/i2c1.o
 *fill*         0x20000339        0x3 
 .bss.tim2_overflow_base_us
                0x2000033c        0x4 build/micros.o
 .bss.g_milliseconds
                0x20000340        0x4 build/system_time.o
                0x20000340                g_milliseconds
 .bss.uart_diag_ready
                0x20000344        0x1 build/uart_diag.o
 *fill*         0x20000345        0x3 
 .bss.pipeline_state
                0x20000348       0x58 build/accel_pipeline.o
 .bss.pipeline_state
                0x200003a0       0x68 build/gyro_pipeline.o
 .bss.estimator_state
                0x20000408       0x38 build/attitude_estimator.o
 .bss.controller_state
                0x20000440       0x98 build/rate_controller.o
 *(COMMON)
                0x200004d8                        . = ALIGN (0x4)
                0x200004d8                        _ebss = .

/DISCARD/
 *(.comment)
 *(.note*)
                0x00000001                        ASSERT ((SIZEOF (.isr_vector) == 0xec), STM32F103C8 vector table must contain 59 entries)
                0x00000001                        ASSERT ((_estack == 0x20005000), Incorrect STM32F103C8 stack-top address)
OUTPUT(build/flight-controller.elf elf32-littlearm)
LOAD linker stubs

.ARM.attributes
                0x00000000       0x2d
 .ARM.attributes
                0x00000000       0x2d build/main.o
 .ARM.attributes
                0x0000002d       0x2d build/imu_acquisition.o
 .ARM.attributes
                0x0000005a       0x2d build/flight_fault_handlers.o
 .ARM.attributes
                0x00000087       0x2d build/freestanding_mem.o
 .ARM.attributes
                0x000000b4       0x2d build/startup_stm32f103c8.o
 .ARM.attributes
                0x000000e1       0x2d build/mpu9250.o
 .ARM.attributes
                0x0000010e       0x2d build/i2c1.o
 .ARM.attributes
                0x0000013b       0x2d build/micros.o
 .ARM.attributes
                0x00000168       0x2d build/system_clock.o
 .ARM.attributes
                0x00000195       0x2d build/system_time.o
 .ARM.attributes
                0x000001c2       0x2d build/uart_diag.o
 .ARM.attributes
                0x000001ef       0x2d build/accel_pipeline.o
 .ARM.attributes
                0x0000021c       0x2d build/gyro_pipeline.o
 .ARM.attributes
                0x00000249       0x2d build/imu_body_frame.o
 .ARM.attributes
                0x00000276       0x2d build/attitude_estimator.o
 .ARM.attributes
                0x000002a3       0x2d build/pid.o
 .ARM.attributes
                0x000002d0       0x2d build/rate_controller.o
 .ARM.attributes
                0x000002fd       0x1d /usr/lib/gcc/arm-none-eabi/13.2.1/thumb/v7-m/nofp/libgcc.a(_arm_addsubsf3.o)
 .ARM.attributes
                0x0000031a       0x1d /usr/lib/gcc/arm-none-eabi/13.2.1/thumb/v7-m/nofp/libgcc.a(_arm_muldivsf3.o)
 .ARM.attributes
                0x00000337       0x1d /usr/lib/gcc/arm-none-eabi/13.2.1/thumb/v7-m/nofp/libgcc.a(_arm_cmpsf2.o)
 .ARM.attributes
                0x00000354       0x1d /usr/lib/gcc/arm-none-eabi/13.2.1/thumb/v7-m/nofp/libgcc.a(_arm_fixsfsi.o)

.debug_info     0x00000000     0x5f13
 .debug_info    0x00000000     0x11b3 build/main.o
 .debug_info    0x000011b3      0x5f7 build/imu_acquisition.o
 .debug_info    0x000017aa      0x25c build/flight_fault_handlers.o
 .debug_info    0x00001a06      0x12f build/freestanding_mem.o
 .debug_info    0x00001b35      0x464 build/startup_stm32f103c8.o
 .debug_info    0x00001f99      0x728 build/mpu9250.o
 .debug_info    0x000026c1      0xacb build/i2c1.o
 .debug_info    0x0000318c      0x1ef build/micros.o
 .debug_info    0x0000337b      0x298 build/system_clock.o
 .debug_info    0x00003613      0x138 build/system_time.o
 .debug_info    0x0000374b      0x28d build/uart_diag.o
 .debug_info    0x000039d8      0x416 build/accel_pipeline.o
 .debug_info    0x00003dee      0x5c1 build/gyro_pipeline.o
 .debug_info    0x000043af      0x3e8 build/imu_body_frame.o
 .debug_info    0x00004797      0x97e build/attitude_estimator.o
 .debug_info    0x00005115      0x4fe build/pid.o
 .debug_info    0x00005613      0x6c8 build/rate_controller.o
 .debug_info    0x00005cdb       0xca /usr/lib/gcc/arm-none-eabi/13.2.1/thumb/v7-m/nofp/libgcc.a(_arm_addsubsf3.o)
 .debug_info    0x00005da5       0x57 /usr/lib/gcc/arm-none-eabi/13.2.1/thumb/v7-m/nofp/libgcc.a(_arm_muldivsf3.o)
 .debug_info    0x00005dfc       0xdb /usr/lib/gcc/arm-none-eabi/13.2.1/thumb/v7-m/nofp/libgcc.a(_arm_cmpsf2.o)
 .debug_info    0x00005ed7       0x3c /usr/lib/gcc/arm-none-eabi/13.2.1/thumb/v7-m/nofp/libgcc.a(_arm_fixsfsi.o)

.debug_abbrev   0x00000000     0x187c
 .debug_abbrev  0x00000000      0x1de build/main.o
 .debug_abbrev  0x000001de      0x1f0 build/imu_acquisition.o
 .debug_abbrev  0x000003ce      0x124 build/flight_fault_handlers.o
 .debug_abbrev  0x000004f2       0x9b build/freestanding_mem.o
 .debug_abbrev  0x0000058d       0xfc build/startup_stm32f103c8.o
 .debug_abbrev  0x00000689      0x205 build/mpu9250.o
 .debug_abbrev  0x0000088e      0x295 build/i2c1.o
 .debug_abbrev  0x00000b23      0x12b build/micros.o
 .debug_abbrev  0x00000c4e      0x14f build/system_clock.o
 .debug_abbrev  0x00000d9d       0xe4 build/system_time.o
 .debug_abbrev  0x00000e81      0x114 build/uart_diag.o
 .debug_abbrev  0x00000f95      0x14d build/accel_pipeline.o
 .debug_abbrev  0x000010e2      0x1ca build/gyro_pipeline.o
 .debug_abbrev  0x000012ac       0x9c build/imu_body_frame.o
 .debug_abbrev  0x00001348      0x19a build/attitude_estimator.o
 .debug_abbrev  0x000014e2      0x151 build/pid.o
 .debug_abbrev  0x00001633      0x1a9 build/rate_controller.o
 .debug_abbrev  0x000017dc       0x28 /usr/lib/gcc/arm-none-eabi/13.2.1/thumb/v7-m/nofp/libgcc.a(_arm_addsubsf3.o)
 .debug_abbrev  0x00001804       0x28 /usr/lib/gcc/arm-none-eabi/13.2.1/thumb/v7-m/nofp/libgcc.a(_arm_muldivsf3.o)
 .debug_abbrev  0x0000182c       0x28 /usr/lib/gcc/arm-none-eabi/13.2.1/thumb/v7-m/nofp/libgcc.a(_arm_cmpsf2.o)
 .debug_abbrev  0x00001854       0x28 /usr/lib/gcc/arm-none-eabi/13.2.1/thumb/v7-m/nofp/libgcc.a(_arm_fixsfsi.o)

.debug_aranges  0x00000000      0x800
 .debug_aranges
                0x00000000       0x58 build/main.o
 .debug_aranges
                0x00000058       0x68 build/imu_acquisition.o
 .debug_aranges
                0x000000c0       0x40 build/flight_fault_handlers.o
 .debug_aranges
                0x00000100       0x28 build/freestanding_mem.o
 .debug_aranges
                0x00000128      0x1b0 build/startup_stm32f103c8.o
 .debug_aranges
                0x000002d8       0x90 build/mpu9250.o
 .debug_aranges
                0x00000368      0x100 build/i2c1.o
 .debug_aranges
                0x00000468       0x48 build/micros.o
 .debug_aranges
                0x000004b0       0x60 build/system_clock.o
 .debug_aranges
                0x00000510       0x30 build/system_time.o
 .debug_aranges
                0x00000540       0x50 build/uart_diag.o
 .debug_aranges
                0x00000590       0x40 build/accel_pipeline.o
 .debug_aranges
                0x000005d0       0x70 build/gyro_pipeline.o
 .debug_aranges
                0x00000640       0x20 build/imu_body_frame.o
 .debug_aranges
                0x00000660       0x80 build/attitude_estimator.o
 .debug_aranges
                0x000006e0       0x50 build/pid.o
 .debug_aranges
                0x00000730       0x50 build/rate_controller.o
 .debug_aranges
                0x00000780       0x20 /usr/lib/gcc/arm-none-eabi/13.2.1/thumb/v7-m/nofp/libgcc.a(_arm_addsubsf3.o)
 .debug_aranges
                0x000007a0       0x20 /usr/lib/gcc/arm-none-eabi/13.2.1/thumb/v7-m/nofp/libgcc.a(_arm_muldivsf3.o)
 .debug_aranges
                0x000007c0       0x20 /usr/lib/gcc/arm-none-eabi/13.2.1/thumb/v7-m/nofp/libgcc.a(_arm_cmpsf2.o)
 .debug_aranges
                0x000007e0       0x20 /usr/lib/gcc/arm-none-eabi/13.2.1/thumb/v7-m/nofp/libgcc.a(_arm_fixsfsi.o)

.debug_rnglists
                0x00000000      0x57e
 .debug_rnglists
                0x00000000       0x41 build/main.o
 .debug_rnglists
                0x00000041       0x4c build/imu_acquisition.o
 .debug_rnglists
                0x0000008d       0x2b build/flight_fault_handlers.o
 .debug_rnglists
                0x000000b8       0x19 build/freestanding_mem.o
 .debug_rnglists
                0x000000d1      0x13f build/startup_stm32f103c8.o
 .debug_rnglists
                0x00000210       0x6a build/mpu9250.o
 .debug_rnglists
                0x0000027a       0xc9 build/i2c1.o
 .debug_rnglists
                0x00000343       0x32 build/micros.o
 .debug_rnglists
                0x00000375       0x45 build/system_clock.o
 .debug_rnglists
                0x000003ba       0x20 build/system_time.o
 .debug_rnglists
                0x000003da       0x39 build/uart_diag.o
 .debug_rnglists
                0x00000413       0x2d build/accel_pipeline.o
 .debug_rnglists
                0x00000440       0x56 build/gyro_pipeline.o
 .debug_rnglists
                0x00000496       0x14 build/imu_body_frame.o
 .debug_rnglists
                0x000004aa       0x62 build/attitude_estimator.o
 .debug_rnglists
                0x0000050c       0x39 build/pid.o
 .debug_rnglists
                0x00000545       0x39 build/rate_controller.o

.debug_macro    0x00000000     0x1d62
 .debug_macro   0x00000000      0x12d build/main.o
 .debug_macro   0x0000012d      0xb62 build/main.o
 .debug_macro   0x00000c8f      0x34e build/main.o
 .debug_macro   0x00000fdd       0x22 build/main.o
 .debug_macro   0x00000fff       0x22 build/main.o
 .debug_macro   0x00001021       0x52 build/main.o
 .debug_macro   0x00001073       0x52 build/main.o
 .debug_macro   0x000010c5       0x52 build/main.o
 .debug_macro   0x00001117       0x40 build/main.o
 .debug_macro   0x00001157       0x16 build/main.o
 .debug_macro   0x0000116d       0x16 build/main.o
 .debug_macro   0x00001183      0x190 build/main.o
 .debug_macro   0x00001313       0xdc build/imu_acquisition.o
 .debug_macro   0x000013ef       0x10 build/imu_acquisition.o
 .debug_macro   0x000013ff       0x2a build/flight_fault_handlers.o
 .debug_macro   0x00001429       0x1a build/freestanding_mem.o
 .debug_macro   0x00001443       0x30 build/startup_stm32f103c8.o
 .debug_macro   0x00001473      0x143 build/mpu9250.o
 .debug_macro   0x000015b6      0x16c build/i2c1.o
 .debug_macro   0x00001722       0xb4 build/micros.o
 .debug_macro   0x000017d6      0x11d build/system_clock.o
 .debug_macro   0x000018f3       0x96 build/system_time.o
 .debug_macro   0x00001989       0xed build/uart_diag.o
 .debug_macro   0x00001a76       0x80 build/accel_pipeline.o
 .debug_macro   0x00001af6       0x7a build/gyro_pipeline.o
 .debug_macro   0x00001b70       0x4c build/gyro_pipeline.o
 .debug_macro   0x00001bbc       0x57 build/imu_body_frame.o
 .debug_macro   0x00001c13       0x8a build/attitude_estimator.o
 .debug_macro   0x00001c9d       0x38 build/pid.o
 .debug_macro   0x00001cd5       0x4c build/pid.o
 .debug_macro   0x00001d21       0x41 build/rate_controller.o

.debug_line     0x00000000     0x45af
 .debug_line    0x00000000      0x631 build/main.o
 .debug_line    0x00000631      0x3d7 build/imu_acquisition.o
 .debug_line    0x00000a08      0x144 build/flight_fault_handlers.o
 .debug_line    0x00000b4c       0xc9 build/freestanding_mem.o
 .debug_line    0x00000c15      0x481 build/startup_stm32f103c8.o
 .debug_line    0x00001096      0x429 build/mpu9250.o
 .debug_line    0x000014bf      0xb02 build/i2c1.o
 .debug_line    0x00001fc1      0x218 build/micros.o
 .debug_line    0x000021d9      0x2bd build/system_clock.o
 .debug_line    0x00002496      0x154 build/system_time.o
 .debug_line    0x000025ea      0x2ff build/uart_diag.o
 .debug_line    0x000028e9      0x2f5 build/accel_pipeline.o
 .debug_line    0x00002bde      0x500 build/gyro_pipeline.o
 .debug_line    0x000030de      0x13b build/imu_body_frame.o
 .debug_line    0x00003219      0x858 build/attitude_estimator.o
 .debug_line    0x00003a71      0x465 build/pid.o
 .debug_line    0x00003ed6      0x3b7 build/rate_controller.o
 .debug_line    0x0000428d      0x103 /usr/lib/gcc/arm-none-eabi/13.2.1/thumb/v7-m/nofp/libgcc.a(_arm_addsubsf3.o)
 .debug_line    0x00004390      0x123 /usr/lib/gcc/arm-none-eabi/13.2.1/thumb/v7-m/nofp/libgcc.a(_arm_muldivsf3.o)
 .debug_line    0x000044b3       0x9a /usr/lib/gcc/arm-none-eabi/13.2.1/thumb/v7-m/nofp/libgcc.a(_arm_cmpsf2.o)
 .debug_line    0x0000454d       0x62 /usr/lib/gcc/arm-none-eabi/13.2.1/thumb/v7-m/nofp/libgcc.a(_arm_fixsfsi.o)

.debug_str      0x00000000     0x97c3
 .debug_str     0x00000000     0x97c3 build/main.o
                               0x5b83 (size before relaxing)
 .debug_str     0x000097c3     0x48f3 build/imu_acquisition.o
 .debug_str     0x000097c3     0x3d2f build/flight_fault_handlers.o
 .debug_str     0x000097c3     0x3502 build/freestanding_mem.o
 .debug_str     0x000097c3     0x40dc build/startup_stm32f103c8.o
 .debug_str     0x000097c3     0x4a8c build/mpu9250.o
 .debug_str     0x000097c3     0x4c89 build/i2c1.o
 .debug_str     0x000097c3     0x3fa9 build/micros.o
 .debug_str     0x000097c3     0x434b build/system_clock.o
 .debug_str     0x000097c3     0x3f83 build/system_time.o
 .debug_str     0x000097c3     0x4269 build/uart_diag.o
 .debug_str     0x000097c3     0x4075 build/accel_pipeline.o
 .debug_str     0x000097c3     0x438c build/gyro_pipeline.o
 .debug_str     0x000097c3     0x41a7 build/imu_body_frame.o
 .debug_str     0x000097c3     0x4760 build/attitude_estimator.o
 .debug_str     0x000097c3     0x40ba build/pid.o
 .debug_str     0x000097c3     0x4348 build/rate_controller.o
 .debug_str     0x000097c3      0x144 /usr/lib/gcc/arm-none-eabi/13.2.1/thumb/v7-m/nofp/libgcc.a(_arm_addsubsf3.o)
 .debug_str     0x000097c3       0xd0 /usr/lib/gcc/arm-none-eabi/13.2.1/thumb/v7-m/nofp/libgcc.a(_arm_muldivsf3.o)
 .debug_str     0x000097c3      0x159 /usr/lib/gcc/arm-none-eabi/13.2.1/thumb/v7-m/nofp/libgcc.a(_arm_cmpsf2.o)
 .debug_str     0x000097c3       0xbb /usr/lib/gcc/arm-none-eabi/13.2.1/thumb/v7-m/nofp/libgcc.a(_arm_fixsfsi.o)

.debug_frame    0x00000000     0x1c34
 .debug_frame   0x00000000      0x138 build/main.o
 .debug_frame   0x00000138      0x17c build/imu_acquisition.o
 .debug_frame   0x000002b4       0xa4 build/flight_fault_handlers.o
 .debug_frame   0x00000358       0x60 build/freestanding_mem.o
 .debug_frame   0x000003b8      0x5a8 build/startup_stm32f103c8.o
 .debug_frame   0x00000960      0x234 build/mpu9250.o
 .debug_frame   0x00000b94      0x458 build/i2c1.o
 .debug_frame   0x00000fec       0xf0 build/micros.o
 .debug_frame   0x000010dc      0x140 build/system_clock.o
 .debug_frame   0x0000121c       0x78 build/system_time.o
 .debug_frame   0x00001294      0x110 build/uart_diag.o
 .debug_frame   0x000013a4       0xd4 build/accel_pipeline.o
 .debug_frame   0x00001478      0x1d4 build/gyro_pipeline.o
 .debug_frame   0x0000164c       0x34 build/imu_body_frame.o
 .debug_frame   0x00001680      0x200 build/attitude_estimator.o
 .debug_frame   0x00001880      0x124 build/pid.o
 .debug_frame   0x000019a4      0x120 build/rate_controller.o
 .debug_frame   0x00001ac4       0x4c /usr/lib/gcc/arm-none-eabi/13.2.1/thumb/v7-m/nofp/libgcc.a(_arm_addsubsf3.o)
 .debug_frame   0x00001b10       0x38 /usr/lib/gcc/arm-none-eabi/13.2.1/thumb/v7-m/nofp/libgcc.a(_arm_muldivsf3.o)
 .debug_frame   0x00001b48       0xc8 /usr/lib/gcc/arm-none-eabi/13.2.1/thumb/v7-m/nofp/libgcc.a(_arm_cmpsf2.o)
 .debug_frame   0x00001c10       0x24 /usr/lib/gcc/arm-none-eabi/13.2.1/thumb/v7-m/nofp/libgcc.a(_arm_fixsfsi.o)

.debug_line_str
                0x00000000       0x98
 .debug_line_str
                0x00000000       0x98 /usr/lib/gcc/arm-none-eabi/13.2.1/thumb/v7-m/nofp/libgcc.a(_arm_addsubsf3.o)
 .debug_line_str
                0x00000098       0x98 /usr/lib/gcc/arm-none-eabi/13.2.1/thumb/v7-m/nofp/libgcc.a(_arm_muldivsf3.o)
 .debug_line_str
                0x00000098       0x98 /usr/lib/gcc/arm-none-eabi/13.2.1/thumb/v7-m/nofp/libgcc.a(_arm_cmpsf2.o)
 .debug_line_str
                0x00000098       0x98 /usr/lib/gcc/arm-none-eabi/13.2.1/thumb/v7-m/nofp/libgcc.a(_arm_fixsfsi.o)
