
Discarded input sections

 .group         0x00000000        0xc build/main.o
 .group         0x00000000        0xc build/main.o
 .group         0x00000000        0xc build/main.o
 .text          0x00000000        0x0 build/main.o
 .data          0x00000000        0x0 build/main.o
 .bss           0x00000000        0x0 build/main.o
 .comment       0x00000000       0x27 build/main.o
 .group         0x00000000        0xc build/motor_outputs.o
 .group         0x00000000        0xc build/motor_outputs.o
 .group         0x00000000        0xc build/motor_outputs.o
 .text          0x00000000        0x0 build/motor_outputs.o
 .data          0x00000000        0x0 build/motor_outputs.o
 .bss           0x00000000        0x0 build/motor_outputs.o
 .text.motor_outputs_safe_state_was_requested
                0x00000000       0x20 build/motor_outputs.o
 .debug_macro   0x00000000      0xac6 build/motor_outputs.o
 .debug_macro   0x00000000       0x22 build/motor_outputs.o
 .debug_macro   0x00000000      0x34e build/motor_outputs.o
 .comment       0x00000000       0x27 build/motor_outputs.o
 .group         0x00000000        0xc build/fault_test.o
 .group         0x00000000        0xc build/fault_test.o
 .text          0x00000000        0x0 build/fault_test.o
 .data          0x00000000        0x0 build/fault_test.o
 .bss           0x00000000        0x0 build/fault_test.o
 .debug_macro   0x00000000      0xac6 build/fault_test.o
 .debug_macro   0x00000000      0x34e build/fault_test.o
 .comment       0x00000000       0x27 build/fault_test.o
 .group         0x00000000        0xc build/startup_stm32f103c8.o
 .group         0x00000000        0xc build/startup_stm32f103c8.o
 .text          0x00000000        0x0 build/startup_stm32f103c8.o
 .data          0x00000000        0x0 build/startup_stm32f103c8.o
 .bss           0x00000000        0x0 build/startup_stm32f103c8.o
 .text.SysTick_Handler
                0x00000000        0x8 build/startup_stm32f103c8.o
 .debug_macro   0x00000000      0xac6 build/startup_stm32f103c8.o
 .debug_macro   0x00000000      0x34e build/startup_stm32f103c8.o
 .comment       0x00000000       0x27 build/startup_stm32f103c8.o
 .group         0x00000000        0xc build/system_clock.o
 .group         0x00000000        0xc build/system_clock.o
 .group         0x00000000        0xc build/system_clock.o
 .text          0x00000000        0x0 build/system_clock.o
 .data          0x00000000        0x0 build/system_clock.o
 .bss           0x00000000        0x0 build/system_clock.o
 .debug_macro   0x00000000      0xac6 build/system_clock.o
 .debug_macro   0x00000000      0x34e build/system_clock.o
 .debug_macro   0x00000000       0x22 build/system_clock.o
 .comment       0x00000000       0x27 build/system_clock.o
 .group         0x00000000        0xc build/fault_handlers.o
 .group         0x00000000        0xc build/fault_handlers.o
 .group         0x00000000        0xc build/fault_handlers.o
 .group         0x00000000        0xc build/fault_handlers.o
 .text          0x00000000        0x0 build/fault_handlers.o
 .data          0x00000000        0x0 build/fault_handlers.o
 .bss           0x00000000        0x0 build/fault_handlers.o
 .debug_macro   0x00000000      0xac6 build/fault_handlers.o
 .debug_macro   0x00000000      0x34e build/fault_handlers.o
 .debug_macro   0x00000000       0x22 build/fault_handlers.o
 .comment       0x00000000       0x27 build/fault_handlers.o
 .group         0x00000000        0xc build/status_led.o
 .group         0x00000000        0xc build/status_led.o
 .group         0x00000000        0xc build/status_led.o
 .text          0x00000000        0x0 build/status_led.o
 .data          0x00000000        0x0 build/status_led.o
 .bss           0x00000000        0x0 build/status_led.o
 .text.status_led_is_on
                0x00000000       0x24 build/status_led.o
 .debug_macro   0x00000000      0xac6 build/status_led.o
 .debug_macro   0x00000000       0x22 build/status_led.o
 .debug_macro   0x00000000      0x34e build/status_led.o
 .comment       0x00000000       0x27 build/status_led.o
 .group         0x00000000        0xc build/system_time.o
 .group         0x00000000        0xc build/system_time.o
 .text          0x00000000        0x0 build/system_time.o
 .data          0x00000000        0x0 build/system_time.o
 .bss           0x00000000        0x0 build/system_time.o
 .debug_macro   0x00000000      0xac6 build/system_time.o
 .debug_macro   0x00000000      0x34e build/system_time.o
 .comment       0x00000000       0x27 build/system_time.o

Memory Configuration

Name             Origin             Length             Attributes
FLASH            0x08000000         0x00010000         xr
RAM              0x20000000         0x00005000         xrw
*default*        0x00000000         0xffffffff

Linker script and memory map

LOAD build/main.o
LOAD build/motor_outputs.o
LOAD build/fault_test.o
LOAD build/startup_stm32f103c8.o
LOAD build/system_clock.o
LOAD build/fault_handlers.o
LOAD build/status_led.o
LOAD build/system_time.o
LOAD /usr/lib/gcc/arm-none-eabi/13.2.1/thumb/v7-m/nofp/libgcc.a
                0x20005000                        _estack = (ORIGIN (RAM) + LENGTH (RAM))

.isr_vector     0x08000000       0xec
                0x08000000                        . = ALIGN (0x4)
 *(.isr_vector)
 .isr_vector    0x08000000       0xec build/startup_stm32f103c8.o
                0x08000000                vector_table
                0x080000ec                        . = ALIGN (0x4)

.text           0x080000ec      0xb18
                0x080000ec                        . = ALIGN (0x4)
 *(.text)
 *(.text*)
 .text.main     0x080000ec      0x11c build/main.o
                0x080000ec                main
 .text.motor_gpio_clocks_enable
                0x08000208       0x20 build/motor_outputs.o
 .text.motor_gpio_output_latches_clear
                0x08000228       0x24 build/motor_outputs.o
 .text.motor_gpio_configure_outputs
                0x0800024c       0x50 build/motor_outputs.o
 .text.motor_outputs_force_safe
                0x0800029c       0x44 build/motor_outputs.o
                0x0800029c                motor_outputs_force_safe
 .text.motor_outputs_are_safe
                0x080002e0       0x6c build/motor_outputs.o
                0x080002e0                motor_outputs_are_safe
 .text.fault_test_run
                0x0800034c        0xc build/fault_test.o
                0x0800034c                fault_test_run
 .text.MemManage_Handler
                0x08000358        0x8 build/startup_stm32f103c8.o
                0x08000358                MemManage_Handler
 .text.BusFault_Handler
                0x08000360        0x8 build/startup_stm32f103c8.o
                0x08000360                BusFault_Handler
 .text.UsageFault_Handler
                0x08000368        0x8 build/startup_stm32f103c8.o
                0x08000368                UsageFault_Handler
 .text.SVC_Handler
                0x08000370        0x8 build/startup_stm32f103c8.o
                0x08000370                SVC_Handler
 .text.DebugMon_Handler
                0x08000378        0x8 build/startup_stm32f103c8.o
                0x08000378                DebugMon_Handler
 .text.PendSV_Handler
                0x08000380        0x8 build/startup_stm32f103c8.o
                0x08000380                PendSV_Handler
 .text.WWDG_IRQHandler
                0x08000388        0x8 build/startup_stm32f103c8.o
                0x08000388                WWDG_IRQHandler
 .text.PVD_IRQHandler
                0x08000390        0x8 build/startup_stm32f103c8.o
                0x08000390                PVD_IRQHandler
 .text.TAMPER_IRQHandler
                0x08000398        0x8 build/startup_stm32f103c8.o
                0x08000398                TAMPER_IRQHandler
 .text.RTC_IRQHandler
                0x080003a0        0x8 build/startup_stm32f103c8.o
                0x080003a0                RTC_IRQHandler
 .text.FLASH_IRQHandler
                0x080003a8        0x8 build/startup_stm32f103c8.o
                0x080003a8                FLASH_IRQHandler
 .text.RCC_IRQHandler
                0x080003b0        0x8 build/startup_stm32f103c8.o
                0x080003b0                RCC_IRQHandler
 .text.EXTI0_IRQHandler
                0x080003b8        0x8 build/startup_stm32f103c8.o
                0x080003b8                EXTI0_IRQHandler
 .text.EXTI1_IRQHandler
                0x080003c0        0x8 build/startup_stm32f103c8.o
                0x080003c0                EXTI1_IRQHandler
 .text.EXTI2_IRQHandler
                0x080003c8        0x8 build/startup_stm32f103c8.o
                0x080003c8                EXTI2_IRQHandler
 .text.EXTI3_IRQHandler
                0x080003d0        0x8 build/startup_stm32f103c8.o
                0x080003d0                EXTI3_IRQHandler
 .text.EXTI4_IRQHandler
                0x080003d8        0x8 build/startup_stm32f103c8.o
                0x080003d8                EXTI4_IRQHandler
 .text.DMA1_Channel1_IRQHandler
                0x080003e0        0x8 build/startup_stm32f103c8.o
                0x080003e0                DMA1_Channel1_IRQHandler
 .text.DMA1_Channel2_IRQHandler
                0x080003e8        0x8 build/startup_stm32f103c8.o
                0x080003e8                DMA1_Channel2_IRQHandler
 .text.DMA1_Channel3_IRQHandler
                0x080003f0        0x8 build/startup_stm32f103c8.o
                0x080003f0                DMA1_Channel3_IRQHandler
 .text.DMA1_Channel4_IRQHandler
                0x080003f8        0x8 build/startup_stm32f103c8.o
                0x080003f8                DMA1_Channel4_IRQHandler
 .text.DMA1_Channel5_IRQHandler
                0x08000400        0x8 build/startup_stm32f103c8.o
                0x08000400                DMA1_Channel5_IRQHandler
 .text.DMA1_Channel6_IRQHandler
                0x08000408        0x8 build/startup_stm32f103c8.o
                0x08000408                DMA1_Channel6_IRQHandler
 .text.DMA1_Channel7_IRQHandler
                0x08000410        0x8 build/startup_stm32f103c8.o
                0x08000410                DMA1_Channel7_IRQHandler
 .text.ADC1_2_IRQHandler
                0x08000418        0x8 build/startup_stm32f103c8.o
                0x08000418                ADC1_2_IRQHandler
 .text.USB_HP_CAN1_TX_IRQHandler
                0x08000420        0x8 build/startup_stm32f103c8.o
                0x08000420                USB_HP_CAN1_TX_IRQHandler
 .text.USB_LP_CAN1_RX0_IRQHandler
                0x08000428        0x8 build/startup_stm32f103c8.o
                0x08000428                USB_LP_CAN1_RX0_IRQHandler
 .text.CAN1_RX1_IRQHandler
                0x08000430        0x8 build/startup_stm32f103c8.o
                0x08000430                CAN1_RX1_IRQHandler
 .text.CAN1_SCE_IRQHandler
                0x08000438        0x8 build/startup_stm32f103c8.o
                0x08000438                CAN1_SCE_IRQHandler
 .text.EXTI9_5_IRQHandler
                0x08000440        0x8 build/startup_stm32f103c8.o
                0x08000440                EXTI9_5_IRQHandler
 .text.TIM1_BRK_IRQHandler
                0x08000448        0x8 build/startup_stm32f103c8.o
                0x08000448                TIM1_BRK_IRQHandler
 .text.TIM1_UP_IRQHandler
                0x08000450        0x8 build/startup_stm32f103c8.o
                0x08000450                TIM1_UP_IRQHandler
 .text.TIM1_TRG_COM_IRQHandler
                0x08000458        0x8 build/startup_stm32f103c8.o
                0x08000458                TIM1_TRG_COM_IRQHandler
 .text.TIM1_CC_IRQHandler
                0x08000460        0x8 build/startup_stm32f103c8.o
                0x08000460                TIM1_CC_IRQHandler
 .text.TIM2_IRQHandler
                0x08000468        0x8 build/startup_stm32f103c8.o
                0x08000468                TIM2_IRQHandler
 .text.TIM3_IRQHandler
                0x08000470        0x8 build/startup_stm32f103c8.o
                0x08000470                TIM3_IRQHandler
 .text.TIM4_IRQHandler
                0x08000478        0x8 build/startup_stm32f103c8.o
                0x08000478                TIM4_IRQHandler
 .text.I2C1_EV_IRQHandler
                0x08000480        0x8 build/startup_stm32f103c8.o
                0x08000480                I2C1_EV_IRQHandler
 .text.I2C1_ER_IRQHandler
                0x08000488        0x8 build/startup_stm32f103c8.o
                0x08000488                I2C1_ER_IRQHandler
 .text.I2C2_EV_IRQHandler
                0x08000490        0x8 build/startup_stm32f103c8.o
                0x08000490                I2C2_EV_IRQHandler
 .text.I2C2_ER_IRQHandler
                0x08000498        0x8 build/startup_stm32f103c8.o
                0x08000498                I2C2_ER_IRQHandler
 .text.SPI1_IRQHandler
                0x080004a0        0x8 build/startup_stm32f103c8.o
                0x080004a0                SPI1_IRQHandler
 .text.SPI2_IRQHandler
                0x080004a8        0x8 build/startup_stm32f103c8.o
                0x080004a8                SPI2_IRQHandler
 .text.USART1_IRQHandler
                0x080004b0        0x8 build/startup_stm32f103c8.o
                0x080004b0                USART1_IRQHandler
 .text.USART2_IRQHandler
                0x080004b8        0x8 build/startup_stm32f103c8.o
                0x080004b8                USART2_IRQHandler
 .text.USART3_IRQHandler
                0x080004c0        0x8 build/startup_stm32f103c8.o
                0x080004c0                USART3_IRQHandler
 .text.EXTI15_10_IRQHandler
                0x080004c8        0x8 build/startup_stm32f103c8.o
                0x080004c8                EXTI15_10_IRQHandler
 .text.RTC_Alarm_IRQHandler
                0x080004d0        0x8 build/startup_stm32f103c8.o
                0x080004d0                RTC_Alarm_IRQHandler
 .text.USBWakeUp_IRQHandler
                0x080004d8        0x8 build/startup_stm32f103c8.o
                0x080004d8                USBWakeUp_IRQHandler
 .text.Reset_Handler
                0x080004e0       0x64 build/startup_stm32f103c8.o
                0x080004e0                Reset_Handler
 .text.wait_for_register_value
                0x08000544       0x54 build/system_clock.o
 .text.record_reset_hsi_clock_tree
                0x08000598       0x48 build/system_clock.o
 .text.fallback_to_hsi
                0x080005e0       0xc8 build/system_clock.o
 .text.system_clock_init
                0x080006a8      0x118 build/system_clock.o
                0x080006a8                system_clock_init
 .text.system_clock_get_sysclk_hz
                0x080007c0       0x14 build/system_clock.o
                0x080007c0                system_clock_get_sysclk_hz
 .text.system_clock_get_hclk_hz
                0x080007d4       0x14 build/system_clock.o
                0x080007d4                system_clock_get_hclk_hz
 .text.system_clock_get_pclk1_hz
                0x080007e8       0x14 build/system_clock.o
                0x080007e8                system_clock_get_pclk1_hz
 .text.system_clock_get_pclk2_hz
                0x080007fc       0x14 build/system_clock.o
                0x080007fc                system_clock_get_pclk2_hz
 .text.system_clock_get_adcclk_hz
                0x08000810       0x14 build/system_clock.o
                0x08000810                system_clock_get_adcclk_hz
 .text.disable_maskable_interrupts
                0x08000824        0xe build/fault_handlers.o
 .text.read_active_exception
                0x08000832       0x1c build/fault_handlers.o
 *fill*         0x0800084e        0x2 
 .text.clear_saved_stack_frame
                0x08000850       0x40 build/fault_handlers.o
 .text.capture_system_fault_registers
                0x08000890       0x64 build/fault_handlers.o
 .text.begin_fault_record
                0x080008f4       0x3c build/fault_handlers.o
 .text.finish_fault_record
                0x08000930       0x28 build/fault_handlers.o
 .text.stop_after_fault
                0x08000958        0x8 build/fault_handlers.o
 .text.fault_record_clear
                0x08000960       0x40 build/fault_handlers.o
                0x08000960                fault_record_clear
 .text.Default_Handler
                0x080009a0       0x1a build/fault_handlers.o
                0x080009a0                Default_Handler
 *fill*         0x080009ba        0x2 
 .text.NMI_Handler
                0x080009bc       0x38 build/fault_handlers.o
                0x080009bc                NMI_Handler
 .text.HardFault_Handler
                0x080009f4       0x16 build/fault_handlers.o
                0x080009f4                HardFault_Handler
 *fill*         0x08000a0a        0x2 
 .text.hard_fault_capture
                0x08000a0c       0x70 build/fault_handlers.o
                0x08000a0c                hard_fault_capture
 .text.status_led_init
                0x08000a7c       0x50 build/status_led.o
                0x08000a7c                status_led_init
 .text.status_led_on
                0x08000acc       0x18 build/status_led.o
                0x08000acc                status_led_on
 .text.status_led_off
                0x08000ae4       0x18 build/status_led.o
                0x08000ae4                status_led_off
 .text.status_led_toggle
                0x08000afc       0x24 build/status_led.o
                0x08000afc                status_led_toggle
 .text.system_time_init
                0x08000b20       0xb4 build/system_time.o
                0x08000b20                system_time_init
 .text.millis   0x08000bd4       0x14 build/system_time.o
                0x08000bd4                millis
 .text.SysTick_Handler
                0x08000be8       0x1c build/system_time.o
                0x08000be8                SysTick_Handler
 *(.rodata)
 *(.rodata*)
                0x08000c04                        . = ALIGN (0x4)
                0x08000c04                        _etext = .
                0x08000c04                        _sidata = LOADADDR (.data)

.glue_7         0x08000c04        0x0
 .glue_7        0x08000c04        0x0 linker stubs

.glue_7t        0x08000c04        0x0
 .glue_7t       0x08000c04        0x0 linker stubs

.vfp11_veneer   0x08000c04        0x0
 .vfp11_veneer  0x08000c04        0x0 linker stubs

.v4_bx          0x08000c04        0x0
 .v4_bx         0x08000c04        0x0 linker stubs

.iplt           0x08000c04        0x0
 .iplt          0x08000c04        0x0 build/main.o

.rel.dyn        0x08000c04        0x0
 .rel.iplt      0x08000c04        0x0 build/main.o

.data           0x20000000       0x14 load address 0x08000c04
                0x20000000                        . = ALIGN (0x4)
                0x20000000                        _sdata = .
 *(.data)
 *(.data*)
 .data.system_clock_hz
                0x20000000        0x4 build/system_clock.o
 .data.ahb_clock_hz
                0x20000004        0x4 build/system_clock.o
 .data.apb1_clock_hz
                0x20000008        0x4 build/system_clock.o
 .data.apb2_clock_hz
                0x2000000c        0x4 build/system_clock.o
 .data.adc_clock_hz
                0x20000010        0x4 build/system_clock.o
                0x20000014                        . = ALIGN (0x4)
                0x20000014                        _edata = .

.igot.plt       0x20000014        0x0 load address 0x08000c18
 .igot.plt      0x20000014        0x0 build/main.o

.bss            0x20000014       0x78 load address 0x08000c18
                0x20000014                        . = ALIGN (0x4)
                0x20000014                        _sbss = .
 *(.bss)
 *(.bss*)
 .bss.g_clock_status
                0x20000014        0x1 build/main.o
                0x20000014                g_clock_status
 *fill*         0x20000015        0x3 
 .bss.g_sysclk_hz
                0x20000018        0x4 build/main.o
                0x20000018                g_sysclk_hz
 .bss.g_hclk_hz
                0x2000001c        0x4 build/main.o
                0x2000001c                g_hclk_hz
 .bss.g_pclk1_hz
                0x20000020        0x4 build/main.o
                0x20000020                g_pclk1_hz
 .bss.g_pclk2_hz
                0x20000024        0x4 build/main.o
                0x20000024                g_pclk2_hz
 .bss.g_adcclk_hz
                0x20000028        0x4 build/main.o
                0x20000028                g_adcclk_hz
 .bss.g_main_loop_reached
                0x2000002c        0x4 build/main.o
                0x2000002c                g_main_loop_reached
 .bss.g_system_time_status
                0x20000030        0x1 build/main.o
                0x20000030                g_system_time_status
 *fill*         0x20000031        0x3 
 .bss.g_motor_safe_state_requested
                0x20000034        0x4 build/motor_outputs.o
                0x20000034                g_motor_safe_state_requested
 .bss.g_motor_outputs_safe
                0x20000038        0x4 build/motor_outputs.o
                0x20000038                g_motor_outputs_safe
 .bss.g_fault_record
                0x2000003c       0x4c build/fault_handlers.o
                0x2000003c                g_fault_record
 .bss.g_milliseconds
                0x20000088        0x4 build/system_time.o
                0x20000088                g_milliseconds
 *(COMMON)
                0x2000008c                        . = ALIGN (0x4)
                0x2000008c                        _ebss = .

/DISCARD/
 *(.comment)
 *(.note*)
                0x00000001                        ASSERT ((SIZEOF (.isr_vector) == 0xec), STM32F103C8 vector table must contain 59 entries)
                0x00000001                        ASSERT ((_estack == 0x20005000), Incorrect STM32F103C8 stack-top address)
OUTPUT(build/motor-node.elf elf32-littlearm)
LOAD linker stubs

.ARM.attributes
                0x00000000       0x2d
 .ARM.attributes
                0x00000000       0x2d build/main.o
 .ARM.attributes
                0x0000002d       0x2d build/motor_outputs.o
 .ARM.attributes
                0x0000005a       0x2d build/fault_test.o
 .ARM.attributes
                0x00000087       0x2d build/startup_stm32f103c8.o
 .ARM.attributes
                0x000000b4       0x2d build/system_clock.o
 .ARM.attributes
                0x000000e1       0x2d build/fault_handlers.o
 .ARM.attributes
                0x0000010e       0x2d build/status_led.o
 .ARM.attributes
                0x0000013b       0x2d build/system_time.o

.debug_info     0x00000000     0x10d0
 .debug_info    0x00000000      0x25f build/main.o
 .debug_info    0x0000025f      0x188 build/motor_outputs.o
 .debug_info    0x000003e7       0x83 build/fault_test.o
 .debug_info    0x0000046a      0x464 build/startup_stm32f103c8.o
 .debug_info    0x000008ce      0x298 build/system_clock.o
 .debug_info    0x00000b66      0x343 build/fault_handlers.o
 .debug_info    0x00000ea9       0xef build/status_led.o
 .debug_info    0x00000f98      0x138 build/system_time.o

.debug_abbrev   0x00000000      0x815
 .debug_abbrev  0x00000000       0xfd build/main.o
 .debug_abbrev  0x000000fd      0x118 build/motor_outputs.o
 .debug_abbrev  0x00000215       0x45 build/fault_test.o
 .debug_abbrev  0x0000025a       0xfc build/startup_stm32f103c8.o
 .debug_abbrev  0x00000356      0x14f build/system_clock.o
 .debug_abbrev  0x000004a5      0x1d8 build/fault_handlers.o
 .debug_abbrev  0x0000067d       0xb4 build/status_led.o
 .debug_abbrev  0x00000731       0xe4 build/system_time.o

.debug_aranges  0x00000000      0x380
 .debug_aranges
                0x00000000       0x20 build/main.o
 .debug_aranges
                0x00000020       0x48 build/motor_outputs.o
 .debug_aranges
                0x00000068       0x20 build/fault_test.o
 .debug_aranges
                0x00000088      0x1b0 build/startup_stm32f103c8.o
 .debug_aranges
                0x00000238       0x60 build/system_clock.o
 .debug_aranges
                0x00000298       0x78 build/fault_handlers.o
 .debug_aranges
                0x00000310       0x40 build/status_led.o
 .debug_aranges
                0x00000350       0x30 build/system_time.o

.debug_rnglists
                0x00000000      0x27c
 .debug_rnglists
                0x00000000       0x14 build/main.o
 .debug_rnglists
                0x00000014       0x31 build/motor_outputs.o
 .debug_rnglists
                0x00000045       0x13 build/fault_test.o
 .debug_rnglists
                0x00000058      0x13f build/startup_stm32f103c8.o
 .debug_rnglists
                0x00000197       0x45 build/system_clock.o
 .debug_rnglists
                0x000001dc       0x55 build/fault_handlers.o
 .debug_rnglists
                0x00000231       0x2b build/status_led.o
 .debug_rnglists
                0x0000025c       0x20 build/system_time.o

.debug_macro    0x00000000     0x146e
 .debug_macro   0x00000000       0x6b build/main.o
 .debug_macro   0x0000006b      0xac6 build/main.o
 .debug_macro   0x00000b31      0x34e build/main.o
 .debug_macro   0x00000e7f       0x22 build/main.o
 .debug_macro   0x00000ea1       0xe1 build/motor_outputs.o
 .debug_macro   0x00000f82       0x48 build/fault_test.o
 .debug_macro   0x00000fca       0x30 build/startup_stm32f103c8.o
 .debug_macro   0x00000ffa      0x11d build/system_clock.o
 .debug_macro   0x00001117       0x88 build/fault_handlers.o
 .debug_macro   0x0000119f      0x190 build/fault_handlers.o
 .debug_macro   0x0000132f       0xa9 build/status_led.o
 .debug_macro   0x000013d8       0x96 build/system_time.o

.debug_line     0x00000000     0x10d0
 .debug_line    0x00000000      0x1fc build/main.o
 .debug_line    0x000001fc      0x1a5 build/motor_outputs.o
 .debug_line    0x000003a1       0x92 build/fault_test.o
 .debug_line    0x00000433      0x483 build/startup_stm32f103c8.o
 .debug_line    0x000008b6      0x2bd build/system_clock.o
 .debug_line    0x00000b73      0x2ce build/fault_handlers.o
 .debug_line    0x00000e41      0x13b build/status_led.o
 .debug_line    0x00000f7c      0x154 build/system_time.o

.debug_str      0x00000000     0x58c5
 .debug_str     0x00000000     0x58c5 build/main.o
                               0x3cc9 (size before relaxing)
 .debug_str     0x000058c5     0x3fd1 build/motor_outputs.o
 .debug_str     0x000058c5     0x39e3 build/fault_test.o
 .debug_str     0x000058c5     0x3e1d build/startup_stm32f103c8.o
 .debug_str     0x000058c5     0x408c build/system_clock.o
 .debug_str     0x000058c5     0x408b build/fault_handlers.o
 .debug_str     0x000058c5     0x3ced build/status_led.o
 .debug_str     0x000058c5     0x3cc4 build/system_time.o

.debug_frame    0x00000000      0xad4
 .debug_frame   0x00000000       0x30 build/main.o
 .debug_frame   0x00000030       0xdc build/motor_outputs.o
 .debug_frame   0x0000010c       0x30 build/fault_test.o
 .debug_frame   0x0000013c      0x5a8 build/startup_stm32f103c8.o
 .debug_frame   0x000006e4      0x140 build/system_clock.o
 .debug_frame   0x00000824      0x184 build/fault_handlers.o
 .debug_frame   0x000009a8       0xb4 build/status_led.o
 .debug_frame   0x00000a5c       0x78 build/system_time.o
